com\rifqimakarim\homepage\DesignHomepage$36.class
com\rifqimakarim\homepage\DesignHomepage$16.class
com\rifqimakarim\homepage\DesignLoginPage$6.class
com\rifqimakarim\homepage\DesignHomepage$26.class
com\rifqimakarim\homepage\DesignHomepage$46.class
com\rifqimakarim\homepage\DesignHomepage$13.class
com\rifqimakarim\homepage\DesignHomepage$23.class
com\rifqimakarim\homepage\DesignHomepage$7.class
com\rifqimakarim\homepage\DesignLoginPage$3.class
com\rifqimakarim\homepage\DesignHomepage$39.class
com\rifqimakarim\homepage\DesignHomepage$29.class
com\rifqimakarim\homepage\DesignHomepage$19.class
com\rifqimakarim\homepage\DesignHomepage$20.class
com\rifqimakarim\homepage\DesignHomepage$40.class
com\rifqimakarim\homepage\DesignLoginPage.class
com\rifqimakarim\homepage\DesignHomepage$43.class
com\rifqimakarim\homepage\DesignLoginPage$1.class
com\rifqimakarim\homepage\DesignHomepage$2.class
com\rifqimakarim\homepage\HomePage.class
com\rifqimakarim\homepage\DesignHomepage$14.class
com\rifqimakarim\homepage\DesignHomepage$24.class
com\rifqimakarim\homepage\DesignHomepage$41.class
com\rifqimakarim\homepage\DesignLoginPage$5.class
com\rifqimakarim\homepage\DesignHomepage$31.class
com\rifqimakarim\homepage\DesignHomepage$30.class
com\rifqimakarim\homepage\DesignHomepage$8.class
com\rifqimakarim\homepage\DesignHomepage.class
com\rifqimakarim\homepage\DesignHomepage$37.class
com\rifqimakarim\homepage\DesignHomepage$42.class
com\rifqimakarim\homepage\DesignHomepage$1.class
com\rifqimakarim\homepage\DesignHomepage$25.class
com\rifqimakarim\homepage\DesignLoginPage$7.class
com\rifqimakarim\homepage\DesignHomepage$12.class
com\rifqimakarim\homepage\DesignHomepage$3.class
com\rifqimakarim\homepage\DesignHomepage$27.class
com\rifqimakarim\homepage\DesignHomepage$6.class
com\rifqimakarim\homepage\DesignHomepage$32.class
com\rifqimakarim\homepage\DesignHomepage$38.class
com\rifqimakarim\homepage\DesignLoginPage$4.class
com\rifqimakarim\homepage\DesignHomepage$9.class
com\rifqimakarim\homepage\DesignHomepage$15.class
com\rifqimakarim\homepage\DesignHomepage$35.class
com\rifqimakarim\homepage\DesignHomepage$11.class
com\rifqimakarim\homepage\DesignHomepage$28.class
com\rifqimakarim\homepage\DesignHomepage$18.class
com\rifqimakarim\homepage\DesignLoginPage$8.class
com\rifqimakarim\homepage\DesignHomepage$5.class
com\rifqimakarim\homepage\DesignHomepage$34.class
com\rifqimakarim\homepage\DesignHomepage$44.class
com\rifqimakarim\homepage\DesignHomepage$21.class
com\rifqimakarim\homepage\DesignHomepage$17.class
com\rifqimakarim\homepage\DesignHomepage$10.class
com\rifqimakarim\homepage\DesignLoginPage$2.class
com\rifqimakarim\homepage\DesignHomepage$22.class
com\rifqimakarim\homepage\DesignHomepage$33.class
com\rifqimakarim\homepage\DesignHomepage$4.class
com\rifqimakarim\homepage\DesignHomepage$45.class
